2026-02-10 09:05:08 Loaded main app package /usr/lib/obsidian/obsidian.asar
2026-02-10 09:05:08 Checking for update using Github
2026-02-10 09:05:09 Success.
2026-02-10 09:05:09 Latest version is 1.11.7
2026-02-10 09:05:09 App is up to date.
2026-02-10 10:05:13 Checking for update using Github
2026-02-10 10:05:13 Success.
2026-02-10 10:05:13 Latest version is 1.11.7
2026-02-10 10:05:13 App is up to date.
2026-02-10 11:05:13 Checking for update using Github
2026-02-10 11:05:13 Success.
2026-02-10 11:05:13 Latest version is 1.11.7
2026-02-10 11:05:13 App is up to date.
2026-02-10 12:37:46 Loaded main app package /usr/lib/obsidian/obsidian.asar
2026-02-10 12:37:46 Checking for update using Github
2026-02-10 12:37:46 Success.
2026-02-10 12:37:46 Latest version is 1.11.7
2026-02-10 12:37:46 App is up to date.
2026-02-10 13:30:37 Loaded main app package /usr/lib/obsidian/obsidian.asar
2026-02-10 13:30:37 Checking for update using Github
2026-02-10 13:37:50 Checking for update using Github
2026-02-10 13:37:50 Success.
2026-02-10 13:37:50 Latest version is 1.11.7
2026-02-10 13:37:50 App is up to date.
2026-02-10 15:00:50 Checking for update using Github
2026-02-10 15:00:50 Success.
2026-02-10 15:00:50 Latest version is 1.11.7
2026-02-10 15:00:50 App is up to date.
2026-02-10 16:25:21 Checking for update using Github
2026-02-10 16:25:21 Success.
2026-02-10 16:25:21 Latest version is 1.11.7
2026-02-10 16:25:21 App is up to date.
2026-02-10 17:25:21 Checking for update using Github
2026-02-10 17:25:21 Success.
2026-02-10 17:25:21 Latest version is 1.11.7
2026-02-10 17:25:21 App is up to date.
2026-02-10 18:25:21 Checking for update using Github
2026-02-10 18:25:21 Success.
2026-02-10 18:25:21 Latest version is 1.11.7
2026-02-10 18:25:21 App is up to date.
2026-02-10 19:25:21 Checking for update using Github
2026-02-10 19:25:21 Success.
2026-02-10 19:25:21 Latest version is 1.11.7
2026-02-10 19:25:21 App is up to date.
2026-02-10 20:25:21 Checking for update using Github
2026-02-10 20:25:21 Success.
2026-02-10 20:25:21 Latest version is 1.11.7
2026-02-10 20:25:21 App is up to date.
2026-02-10 21:25:21 Checking for update using Github
2026-02-10 21:25:21 Success.
2026-02-10 21:25:21 Latest version is 1.11.7
2026-02-10 21:25:21 App is up to date.
2026-02-11 15:44:04 Loaded main app package /usr/lib/obsidian/obsidian.asar
2026-02-11 15:44:04 Checking for update using Github
2026-02-11 15:44:04 Success.
2026-02-11 15:44:04 Latest version is 1.11.7
2026-02-11 15:44:04 App is up to date.
2026-02-11 16:44:05 Checking for update using Github
2026-02-11 16:44:05 Success.
2026-02-11 16:44:05 Latest version is 1.11.7
2026-02-11 16:44:05 App is up to date.
2026-02-11 17:03:02 Loaded main app package /usr/lib/obsidian/obsidian.asar
2026-02-11 17:03:02 Checking for update using Github
2026-02-13 20:36:38 Loaded main app package /usr/lib/obsidian/obsidian.asar
2026-02-13 20:36:38 Checking for update using Github
2026-02-13 20:36:38 Success.
2026-02-13 20:36:38 Latest version is 1.11.7
2026-02-13 20:36:38 App is up to date.
2026-02-14 11:37:03 Loaded main app package /usr/lib/obsidian/obsidian.asar
2026-02-14 11:37:03 Checking for update using Github
2026-02-14 11:37:03 Success.
2026-02-14 11:37:03 Latest version is 1.11.7
2026-02-14 11:37:03 App is up to date.
2026-02-14 13:20:51 Checking for update using Github
2026-02-14 13:20:51 Success.
2026-02-14 13:20:51 Latest version is 1.11.7
2026-02-14 13:20:51 App is up to date.
2026-02-14 15:03:43 Checking for update using Github
2026-02-14 15:03:43 Success.
2026-02-14 15:03:43 Latest version is 1.11.7
2026-02-14 15:03:43 App is up to date.
2026-02-14 17:57:51 Checking for update using Github
2026-02-14 17:57:51 Success.
2026-02-14 17:57:51 Latest version is 1.11.7
2026-02-14 17:57:51 App is up to date.
2026-02-14 19:20:09 Checking for update using Github
2026-02-14 19:20:09 Success.
2026-02-14 19:20:09 Latest version is 1.11.7
2026-02-14 19:20:09 App is up to date.
2026-02-14 23:15:36 Checking for update using Github
2026-02-14 23:15:36 Success.
2026-02-14 23:15:36 Latest version is 1.11.7
2026-02-14 23:15:36 App is up to date.
2026-02-15 00:15:36 Checking for update using Github
2026-02-15 00:15:36 Success.
2026-02-15 00:15:36 Latest version is 1.11.7
2026-02-15 00:15:36 App is up to date.
2026-02-15 09:19:01 Loaded main app package /usr/lib/obsidian/obsidian.asar
2026-02-15 09:19:01 Checking for update using Github
2026-02-15 09:19:01 Success.
2026-02-15 09:19:01 Latest version is 1.11.7
2026-02-15 09:19:01 App is up to date.
2026-02-15 10:19:01 Checking for update using Github
2026-02-15 10:19:01 Success.
2026-02-15 10:19:01 Latest version is 1.11.7
2026-02-15 10:19:01 App is up to date.
2026-02-16 08:11:44 Loaded main app package /usr/lib/obsidian/obsidian.asar
2026-02-16 08:11:44 Checking for update using Github
2026-02-16 08:11:45 Success.
2026-02-16 08:11:45 Latest version is 1.11.7
2026-02-16 08:11:45 App is up to date.
2026-02-16 09:11:44 Checking for update using Github
2026-02-16 09:11:44 Success.
2026-02-16 09:11:44 Latest version is 1.11.7
2026-02-16 09:11:44 App is up to date.
2026-02-16 13:03:43 Checking for update using Github
2026-02-16 13:03:43 Success.
2026-02-16 13:03:43 Latest version is 1.11.7
2026-02-16 13:03:43 App is up to date.
2026-02-16 14:03:43 Checking for update using Github
2026-02-16 14:03:43 Success.
2026-02-16 14:03:43 Latest version is 1.11.7
2026-02-16 14:03:43 App is up to date.
2026-02-21 12:16:01 Loaded main app package /usr/lib/obsidian/obsidian.asar
2026-02-21 12:16:02 Checking for update using Github
2026-02-21 12:16:02 Success.
2026-02-21 12:16:02 Latest version is 1.11.7
2026-02-21 12:16:02 App is up to date.
2026-02-21 13:16:02 Checking for update using Github
2026-02-21 13:16:02 Success.
2026-02-21 13:16:02 Latest version is 1.11.7
2026-02-21 13:16:02 App is up to date.
2026-02-21 14:16:02 Checking for update using Github
2026-02-21 14:16:02 Success.
2026-02-21 14:16:02 Latest version is 1.11.7
2026-02-21 14:16:02 App is up to date.
2026-02-21 15:16:02 Checking for update using Github
2026-02-21 15:16:02 Success.
2026-02-21 15:16:02 Latest version is 1.11.7
2026-02-21 15:16:02 App is up to date.
2026-02-21 16:16:02 Checking for update using Github
2026-02-21 16:16:02 Success.
2026-02-21 16:16:02 Latest version is 1.11.7
2026-02-21 16:16:02 App is up to date.
2026-02-21 17:16:02 Checking for update using Github
2026-02-21 17:16:02 Success.
2026-02-21 17:16:02 Latest version is 1.11.7
2026-02-21 17:16:02 App is up to date.
2026-02-21 18:16:02 Checking for update using Github
2026-02-21 18:16:02 Success.
2026-02-21 18:16:02 Latest version is 1.11.7
2026-02-21 18:16:02 App is up to date.
2026-02-21 19:16:02 Checking for update using Github
2026-02-21 19:16:02 Success.
2026-02-21 19:16:02 Latest version is 1.11.7
2026-02-21 19:16:02 App is up to date.
2026-02-21 20:16:02 Checking for update using Github
2026-02-21 20:16:02 Success.
2026-02-21 20:16:02 Latest version is 1.11.7
2026-02-21 20:16:02 App is up to date.
2026-02-21 21:16:02 Checking for update using Github
2026-02-21 21:16:02 Success.
2026-02-21 21:16:02 Latest version is 1.11.7
2026-02-21 21:16:02 App is up to date.
2026-02-22 17:36:03 Loaded main app package /usr/lib/obsidian/obsidian.asar
2026-02-22 17:36:03 Checking for update using Github
2026-02-22 17:36:03 Success.
2026-02-22 17:36:03 Latest version is 1.11.7
2026-02-22 17:36:03 App is up to date.
2026-03-10 13:19:35 Loaded main app package /usr/lib/obsidian/obsidian.asar
2026-03-10 13:19:35 Checking for update using Github
2026-03-10 13:19:35 Success.
2026-03-10 13:19:35 Latest version is 1.12.4
2026-03-10 13:19:35 App is up to date.
2026-03-10 17:42:11 Checking for update using Github
2026-03-10 17:42:12 Success.
2026-03-10 17:42:12 Latest version is 1.12.4
2026-03-10 17:42:12 App is up to date.
2026-03-10 18:42:11 Checking for update using Github
2026-03-10 18:42:11 Success.
2026-03-10 18:42:11 Latest version is 1.12.4
2026-03-10 18:42:11 App is up to date.
2026-03-11 08:06:54 Loaded main app package /usr/lib/obsidian/obsidian.asar
2026-03-11 08:06:54 Checking for update using Github
2026-03-11 08:06:54 Failed to check for update using Github (net::ERR_INTERNET_DISCONNECTED)
2026-03-11 08:06:54 Checking for update using obsidian.md
2026-03-11 08:06:54 Failed to check for update using obsidian.md (net::ERR_INTERNET_DISCONNECTED)
2026-03-11 19:11:19 Loaded main app package /usr/lib/obsidian/obsidian.asar
2026-03-11 19:11:19 Checking for update using Github
2026-03-11 19:11:19 Success.
2026-03-11 19:11:19 Latest version is 1.12.4
2026-03-11 19:11:19 App is up to date.
2026-03-11 20:11:19 Checking for update using Github
2026-03-11 20:11:19 Success.
2026-03-11 20:11:19 Latest version is 1.12.4
2026-03-11 20:11:19 App is up to date.
2026-03-11 21:11:19 Checking for update using Github
2026-03-11 21:11:19 Success.
2026-03-11 21:11:19 Latest version is 1.12.4
2026-03-11 21:11:19 App is up to date.
2026-03-11 22:11:19 Checking for update using Github
2026-03-11 22:11:19 Success.
2026-03-11 22:11:19 Latest version is 1.12.4
2026-03-11 22:11:19 App is up to date.
2026-03-12 08:08:07 Loaded main app package /usr/lib/obsidian/obsidian.asar
2026-03-12 08:08:07 Checking for update using Github
2026-03-12 08:08:07 Success.
2026-03-12 08:08:07 Latest version is 1.12.4
2026-03-12 08:08:07 App is up to date.
2026-03-12 09:08:07 Checking for update using Github
2026-03-12 09:08:07 Success.
2026-03-12 09:08:07 Latest version is 1.12.4
2026-03-12 09:08:07 App is up to date.
2026-03-12 10:08:07 Checking for update using Github
2026-03-12 10:08:07 Success.
2026-03-12 10:08:07 Latest version is 1.12.4
2026-03-12 10:08:07 App is up to date.
2026-03-12 11:08:07 Checking for update using Github
2026-03-12 11:08:07 Success.
2026-03-12 11:08:07 Latest version is 1.12.4
2026-03-12 11:08:07 App is up to date.
2026-03-12 12:08:07 Checking for update using Github
2026-03-12 12:08:07 Success.
2026-03-12 12:08:07 Latest version is 1.12.4
2026-03-12 12:08:07 App is up to date.
2026-03-12 13:08:07 Checking for update using Github
2026-03-12 13:08:07 Success.
2026-03-12 13:08:07 Latest version is 1.12.4
2026-03-12 13:08:07 App is up to date.
2026-03-12 14:08:07 Checking for update using Github
2026-03-12 14:08:07 Success.
2026-03-12 14:08:07 Latest version is 1.12.4
2026-03-12 14:08:07 App is up to date.
2026-03-19 09:58:35 Loaded main app package /usr/lib/obsidian/obsidian.asar
2026-03-19 09:58:35 Checking for update using Github
2026-03-19 09:58:35 Success.
2026-03-19 09:58:35 Latest version is 1.12.4
2026-03-19 09:58:35 App is up to date.
2026-03-19 10:58:35 Checking for update using Github
2026-03-19 10:58:35 Success.
2026-03-19 10:58:35 Latest version is 1.12.4
2026-03-19 10:58:35 App is up to date.
2026-03-19 11:58:35 Checking for update using Github
2026-03-19 11:58:35 Success.
2026-03-19 11:58:35 Latest version is 1.12.4
2026-03-19 11:58:35 App is up to date.
2026-03-19 12:58:35 Checking for update using Github
2026-03-19 12:58:35 Success.
2026-03-19 12:58:35 Latest version is 1.12.4
2026-03-19 12:58:35 App is up to date.
2026-03-21 08:49:00 Loaded main app package /usr/lib/obsidian/obsidian.asar
2026-03-21 08:49:00 Checking for update using Github
2026-03-21 08:49:01 Success.
2026-03-21 08:49:01 Latest version is 1.12.4
2026-03-21 08:49:01 App is up to date.
2026-03-21 09:49:00 Checking for update using Github
2026-03-21 09:49:00 Success.
2026-03-21 09:49:00 Latest version is 1.12.4
2026-03-21 09:49:00 App is up to date.
2026-03-21 10:52:56 Checking for update using Github
2026-03-21 10:52:56 Success.
2026-03-21 10:52:56 Latest version is 1.12.4
2026-03-21 10:52:56 App is up to date.
2026-03-22 13:58:59 Loaded main app package /usr/lib/obsidian/obsidian.asar
2026-03-22 13:58:59 Checking for update using Github
2026-03-22 13:58:59 Success.
2026-03-22 13:58:59 Latest version is 1.12.4
2026-03-22 13:58:59 App is up to date.
2026-04-01 14:33:22 Loaded main app package /usr/lib/obsidian/obsidian.asar
2026-04-01 14:33:22 Checking for update using Github
2026-04-01 14:33:22 Success.
2026-04-01 14:33:22 Latest version is 1.12.7
2026-04-01 14:33:22 Downloading update from https://github.com/obsidianmd/obsidian-releases/releases/download/v1.12.7/obsidian-1.12.7.asar.gz
2026-04-01 14:33:22 Verifying hash & signature. Size= 8323080
2026-04-01 14:33:23 Saving file
2026-04-01 14:33:23 Update complete.
2026-04-01 15:33:22 Checking for update using Github
2026-04-01 15:33:22 Success.
2026-04-01 15:33:22 Latest version is 1.12.7
2026-04-01 15:33:22 An update is already downloaded.
2026-04-01 16:33:22 Checking for update using Github
2026-04-01 16:33:22 Success.
2026-04-01 16:33:22 Latest version is 1.12.7
2026-04-01 16:33:22 An update is already downloaded.
2026-04-01 17:33:22 Checking for update using Github
2026-04-01 17:33:22 Success.
2026-04-01 17:33:22 Latest version is 1.12.7
2026-04-01 17:33:22 An update is already downloaded.
2026-04-01 18:33:22 Checking for update using Github
2026-04-01 18:33:22 Success.
2026-04-01 18:33:22 Latest version is 1.12.7
2026-04-01 18:33:22 An update is already downloaded.
2026-04-01 19:33:22 Checking for update using Github
2026-04-01 19:33:22 Success.
2026-04-01 19:33:22 Latest version is 1.12.7
2026-04-01 19:33:22 An update is already downloaded.
2026-04-01 20:33:23 Checking for update using Github
2026-04-01 20:33:23 Success.
2026-04-01 20:33:23 Latest version is 1.12.7
2026-04-01 20:33:23 An update is already downloaded.
2026-04-01 21:33:23 Checking for update using Github
2026-04-01 21:33:23 Success.
2026-04-01 21:33:23 Latest version is 1.12.7
2026-04-01 21:33:23 An update is already downloaded.
2026-04-01 22:33:23 Checking for update using Github
2026-04-01 22:33:23 Success.
2026-04-01 22:33:23 Latest version is 1.12.7
2026-04-01 22:33:23 An update is already downloaded.
2026-04-02 13:39:48 Loaded updated app package /home/hugin/.config/obsidian/obsidian-1.12.7.asar
2026-04-02 13:39:48 Checking for update using Github
2026-04-02 13:39:48 Success.
2026-04-02 13:39:48 Latest version is 1.12.7
2026-04-02 13:39:48 App is up to date.
2026-04-14 14:42:04 Loaded updated app package /home/hugin/.config/obsidian/obsidian-1.12.7.asar
2026-04-14 14:42:04 Checking for update using Github
2026-04-14 14:42:04 Success.
2026-04-14 14:42:04 Latest version is 1.12.7
2026-04-14 14:42:04 App is up to date.
2026-04-14 15:42:04 Checking for update using Github
2026-04-14 15:42:04 Success.
2026-04-14 15:42:04 Latest version is 1.12.7
2026-04-14 15:42:04 App is up to date.
2026-04-14 16:42:04 Checking for update using Github
2026-04-14 16:42:04 Success.
2026-04-14 16:42:04 Latest version is 1.12.7
2026-04-14 16:42:04 App is up to date.
2026-04-14 17:42:04 Checking for update using Github
2026-04-14 17:42:04 Success.
2026-04-14 17:42:04 Latest version is 1.12.7
2026-04-14 17:42:04 App is up to date.
2026-04-14 18:42:04 Checking for update using Github
2026-04-14 18:42:04 Success.
2026-04-14 18:42:04 Latest version is 1.12.7
2026-04-14 18:42:04 App is up to date.
2026-04-14 19:42:04 Checking for update using Github
2026-04-14 19:42:04 Success.
2026-04-14 19:42:04 Latest version is 1.12.7
2026-04-14 19:42:04 App is up to date.
2026-04-14 20:42:04 Checking for update using Github
2026-04-14 20:42:04 Success.
2026-04-14 20:42:04 Latest version is 1.12.7
2026-04-14 20:42:04 App is up to date.
2026-04-15 17:23:44 Loaded updated app package /home/hugin/.config/obsidian/obsidian-1.12.7.asar
2026-04-15 17:23:45 Checking for update using Github
2026-04-15 17:23:45 Success.
2026-04-15 17:23:45 Latest version is 1.12.7
2026-04-15 17:23:45 App is up to date.
2026-04-15 18:23:46 Checking for update using Github
2026-04-15 18:23:46 Success.
2026-04-15 18:23:46 Latest version is 1.12.7
2026-04-15 18:23:46 App is up to date.
2026-04-15 19:23:46 Checking for update using Github
2026-04-15 19:23:46 Success.
2026-04-15 19:23:46 Latest version is 1.12.7
2026-04-15 19:23:46 App is up to date.
2026-04-15 20:23:46 Checking for update using Github
2026-04-15 20:23:46 Success.
2026-04-15 20:23:46 Latest version is 1.12.7
2026-04-15 20:23:46 App is up to date.
2026-04-16 07:28:41 Loaded main app package /usr/lib/obsidian/obsidian.asar
2026-04-16 07:28:41 Checking for update using Github
2026-04-16 07:28:42 Success.
2026-04-16 07:28:42 Latest version is 1.12.7
2026-04-16 07:28:42 App is up to date.
2026-04-16 08:28:42 Checking for update using Github
2026-04-16 08:28:42 Success.
2026-04-16 08:28:42 Latest version is 1.12.7
2026-04-16 08:28:42 App is up to date.
2026-04-16 09:28:42 Checking for update using Github
2026-04-16 09:28:42 Success.
2026-04-16 09:28:42 Latest version is 1.12.7
2026-04-16 09:28:42 App is up to date.
2026-04-16 10:28:42 Checking for update using Github
2026-04-16 10:28:42 Success.
2026-04-16 10:28:42 Latest version is 1.12.7
2026-04-16 10:28:42 App is up to date.
2026-04-16 13:02:46 Checking for update using Github
2026-04-16 13:02:46 Success.
2026-04-16 13:02:46 Latest version is 1.12.7
2026-04-16 13:02:46 App is up to date.
2026-04-16 14:02:46 Checking for update using Github
2026-04-16 14:02:46 Success.
2026-04-16 14:02:46 Latest version is 1.12.7
2026-04-16 14:02:46 App is up to date.
2026-04-16 15:02:46 Checking for update using Github
2026-04-16 15:02:46 Success.
2026-04-16 15:02:46 Latest version is 1.12.7
2026-04-16 15:02:46 App is up to date.
2026-04-16 16:02:46 Checking for update using Github
2026-04-16 16:02:46 Success.
2026-04-16 16:02:46 Latest version is 1.12.7
2026-04-16 16:02:46 App is up to date.
2026-04-16 17:02:47 Checking for update using Github
2026-04-16 17:02:47 Success.
2026-04-16 17:02:47 Latest version is 1.12.7
2026-04-16 17:02:47 App is up to date.
2026-04-16 18:02:47 Checking for update using Github
2026-04-16 18:02:47 Success.
2026-04-16 18:02:47 Latest version is 1.12.7
2026-04-16 18:02:47 App is up to date.
2026-04-16 19:02:47 Checking for update using Github
2026-04-16 19:02:47 Success.
2026-04-16 19:02:47 Latest version is 1.12.7
2026-04-16 19:02:47 App is up to date.
2026-04-16 20:02:47 Checking for update using Github
2026-04-16 20:02:47 Success.
2026-04-16 20:02:47 Latest version is 1.12.7
2026-04-16 20:02:47 App is up to date.
2026-04-22 18:20:30 Loaded main app package /usr/lib/obsidian/obsidian.asar
2026-04-22 18:20:30 Checking for update using Github
2026-04-22 18:20:30 Success.
2026-04-22 18:20:30 Latest version is 1.12.7
2026-04-22 18:20:30 App is up to date.
2026-04-23 09:19:02 Checking for update using Github
2026-04-23 09:19:02 Success.
2026-04-23 09:19:02 Latest version is 1.12.7
2026-04-23 09:19:02 App is up to date.
2026-04-23 10:19:04 Checking for update using Github
2026-04-23 10:19:04 Success.
2026-04-23 10:19:04 Latest version is 1.12.7
2026-04-23 10:19:04 App is up to date.
2026-04-23 11:19:04 Checking for update using Github
2026-04-23 11:19:04 Success.
2026-04-23 11:19:04 Latest version is 1.12.7
2026-04-23 11:19:04 App is up to date.
2026-04-23 12:19:04 Checking for update using Github
2026-04-23 12:19:04 Success.
2026-04-23 12:19:04 Latest version is 1.12.7
2026-04-23 12:19:04 App is up to date.
2026-04-23 13:19:04 Checking for update using Github
2026-04-23 13:19:04 Success.
2026-04-23 13:19:04 Latest version is 1.12.7
2026-04-23 13:19:04 App is up to date.
2026-04-23 14:19:04 Checking for update using Github
2026-04-23 14:19:04 Success.
2026-04-23 14:19:04 Latest version is 1.12.7
2026-04-23 14:19:04 App is up to date.
2026-04-23 15:19:04 Checking for update using Github
2026-04-23 15:19:04 Success.
2026-04-23 15:19:04 Latest version is 1.12.7
2026-04-23 15:19:04 App is up to date.
2026-04-23 16:19:04 Checking for update using Github
2026-04-23 16:19:04 Success.
2026-04-23 16:19:04 Latest version is 1.12.7
2026-04-23 16:19:04 App is up to date.
2026-04-23 17:19:04 Checking for update using Github
2026-04-23 17:19:04 Success.
2026-04-23 17:19:04 Latest version is 1.12.7
2026-04-23 17:19:04 App is up to date.
2026-04-23 18:19:04 Checking for update using Github
2026-04-23 18:19:04 Success.
2026-04-23 18:19:04 Latest version is 1.12.7
2026-04-23 18:19:04 App is up to date.
2026-04-23 19:19:04 Checking for update using Github
2026-04-23 19:19:05 Success.
2026-04-23 19:19:05 Latest version is 1.12.7
2026-04-23 19:19:05 App is up to date.
2026-04-23 20:19:05 Checking for update using Github
2026-04-23 20:19:05 Success.
2026-04-23 20:19:05 Latest version is 1.12.7
2026-04-23 20:19:05 App is up to date.
2026-04-24 20:31:16 Loaded main app package /usr/lib/obsidian/obsidian.asar
2026-04-24 20:31:16 Checking for update using Github
2026-04-24 20:31:17 Success.
2026-04-24 20:31:17 Latest version is 1.12.7
2026-04-24 20:31:17 App is up to date.
2026-04-27 20:17:50 Loaded main app package /usr/lib/obsidian/obsidian.asar
2026-04-27 20:17:51 Checking for update using Github
2026-04-27 20:17:51 Success.
2026-04-27 20:17:51 Latest version is 1.12.7
2026-04-27 20:17:51 App is up to date.
2026-04-27 21:17:57 Checking for update using Github
2026-04-27 21:17:57 Success.
2026-04-27 21:17:57 Latest version is 1.12.7
2026-04-27 21:17:57 App is up to date.
2026-04-28 14:28:22 Loaded main app package /usr/lib/obsidian/obsidian.asar
2026-04-28 14:28:22 Checking for update using Github
2026-04-28 14:28:22 Success.
2026-04-28 14:28:22 Latest version is 1.12.7
2026-04-28 14:28:22 App is up to date.
2026-04-28 15:28:22 Checking for update using Github
2026-04-28 15:28:22 Success.
2026-04-28 15:28:22 Latest version is 1.12.7
2026-04-28 15:28:22 App is up to date.
2026-04-28 16:28:22 Checking for update using Github
2026-04-28 16:28:22 Success.
2026-04-28 16:28:22 Latest version is 1.12.7
2026-04-28 16:28:22 App is up to date.
2026-04-28 18:38:24 Checking for update using Github
2026-04-28 18:38:24 Success.
2026-04-28 18:38:24 Latest version is 1.12.7
2026-04-28 18:38:24 App is up to date.
2026-04-28 19:38:25 Checking for update using Github
2026-04-28 19:38:25 Success.
2026-04-28 19:38:25 Latest version is 1.12.7
2026-04-28 19:38:25 App is up to date.
2026-04-28 20:38:25 Checking for update using Github
2026-04-28 20:38:25 Success.
2026-04-28 20:38:25 Latest version is 1.12.7
2026-04-28 20:38:25 App is up to date.
2026-04-28 21:38:25 Checking for update using Github
2026-04-28 21:38:25 Success.
2026-04-28 21:38:25 Latest version is 1.12.7
2026-04-28 21:38:25 App is up to date.
2026-04-29 10:51:07 Loaded main app package /usr/lib/obsidian/obsidian.asar
2026-04-29 10:51:07 Checking for update using Github
2026-04-29 10:51:07 Success.
2026-04-29 10:51:07 Latest version is 1.12.7
2026-04-29 10:51:07 App is up to date.
2026-04-29 13:52:47 Loaded main app package /usr/lib/obsidian/obsidian.asar
2026-04-29 13:52:47 Checking for update using Github
2026-04-29 13:52:47 Success.
2026-04-29 13:52:47 Latest version is 1.12.7
2026-04-29 13:52:47 App is up to date.
2026-04-29 14:52:47 Checking for update using Github
2026-04-29 14:52:47 Success.
2026-04-29 14:52:47 Latest version is 1.12.7
2026-04-29 14:52:47 App is up to date.
2026-04-29 15:52:47 Checking for update using Github
2026-04-29 15:52:47 Success.
2026-04-29 15:52:47 Latest version is 1.12.7
2026-04-29 15:52:47 App is up to date.
2026-04-29 16:52:47 Checking for update using Github
2026-04-29 16:52:47 Success.
2026-04-29 16:52:47 Latest version is 1.12.7
2026-04-29 16:52:47 App is up to date.
2026-05-08 07:44:59 Loaded main app package /usr/lib/obsidian/obsidian.asar
2026-05-08 07:44:59 Checking for update using Github
2026-05-08 07:44:59 Success.
2026-05-08 07:44:59 Latest version is 1.12.7
2026-05-08 07:44:59 App is up to date.
2026-05-08 15:01:49 Loaded main app package /usr/lib/obsidian/obsidian.asar
2026-05-08 15:01:50 Checking for update using Github
2026-05-08 15:01:50 Success.
2026-05-08 15:01:50 Latest version is 1.12.7
2026-05-08 15:01:50 App is up to date.
2026-05-08 16:01:49 Checking for update using Github
2026-05-08 16:01:49 Success.
2026-05-08 16:01:49 Latest version is 1.12.7
2026-05-08 16:01:49 App is up to date.
2026-05-08 17:01:50 Checking for update using Github
2026-05-08 17:01:50 Success.
2026-05-08 17:01:50 Latest version is 1.12.7
2026-05-08 17:01:50 App is up to date.
2026-05-08 18:01:50 Checking for update using Github
2026-05-08 18:01:50 Success.
2026-05-08 18:01:50 Latest version is 1.12.7
2026-05-08 18:01:50 App is up to date.
2026-05-08 19:01:50 Checking for update using Github
2026-05-08 19:01:50 Success.
2026-05-08 19:01:50 Latest version is 1.12.7
2026-05-08 19:01:50 App is up to date.
2026-05-08 20:01:50 Checking for update using Github
2026-05-08 20:01:50 Success.
2026-05-08 20:01:50 Latest version is 1.12.7
2026-05-08 20:01:50 App is up to date.
2026-05-08 21:01:50 Checking for update using Github
2026-05-08 21:01:50 Success.
2026-05-08 21:01:50 Latest version is 1.12.7
2026-05-08 21:01:50 App is up to date.
2026-05-10 12:13:47 Loaded main app package /usr/lib/obsidian/obsidian.asar
2026-05-10 12:13:48 Checking for update using Github
2026-05-10 12:13:48 Success.
2026-05-10 12:13:48 Latest version is 1.12.7
2026-05-10 12:13:48 App is up to date.
2026-05-10 13:13:49 Checking for update using Github
2026-05-10 13:13:49 Success.
2026-05-10 13:13:49 Latest version is 1.12.7
2026-05-10 13:13:49 App is up to date.
2026-05-10 14:13:49 Checking for update using Github
2026-05-10 14:13:49 Success.
2026-05-10 14:13:49 Latest version is 1.12.7
2026-05-10 14:13:49 App is up to date.
2026-05-10 15:13:49 Checking for update using Github
2026-05-10 15:13:49 Success.
2026-05-10 15:13:49 Latest version is 1.12.7
2026-05-10 15:13:49 App is up to date.
2026-05-10 16:13:49 Checking for update using Github
2026-05-10 16:13:50 Success.
2026-05-10 16:13:50 Latest version is 1.12.7
2026-05-10 16:13:50 App is up to date.
2026-05-10 17:13:50 Checking for update using Github
2026-05-10 17:13:50 Success.
2026-05-10 17:13:50 Latest version is 1.12.7
2026-05-10 17:13:50 App is up to date.
2026-05-11 13:52:09 Loaded main app package /usr/lib/obsidian/obsidian.asar
2026-05-11 13:52:09 Checking for update using Github
2026-05-11 13:52:10 Failed to check for update using Github (net::ERR_INTERNET_DISCONNECTED)
2026-05-11 13:52:10 Checking for update using obsidian.md
2026-05-11 13:52:10 Failed to check for update using obsidian.md (net::ERR_INTERNET_DISCONNECTED)
2026-05-11 14:52:09 Checking for update using Github
2026-05-11 14:52:09 Success.
2026-05-11 14:52:09 Latest version is 1.12.7
2026-05-11 14:52:09 App is up to date.
2026-05-11 15:52:10 Checking for update using Github
2026-05-11 15:52:10 Success.
2026-05-11 15:52:10 Latest version is 1.12.7
2026-05-11 15:52:10 App is up to date.
2026-05-11 16:52:10 Checking for update using Github
2026-05-11 16:52:10 Success.
2026-05-11 16:52:10 Latest version is 1.12.7
2026-05-11 16:52:10 App is up to date.
2026-05-11 17:52:10 Checking for update using Github
2026-05-11 17:52:10 Success.
2026-05-11 17:52:10 Latest version is 1.12.7
2026-05-11 17:52:10 App is up to date.
2026-05-13 16:12:33 Loaded main app package /usr/lib/obsidian/obsidian.asar
2026-05-13 16:12:33 Checking for update using Github
2026-05-13 16:12:33 Success.
2026-05-13 16:12:33 Latest version is 1.12.7
2026-05-13 16:12:33 App is up to date.
2026-05-13 17:12:34 Checking for update using Github
2026-05-13 17:12:34 Success.
2026-05-13 17:12:34 Latest version is 1.12.7
2026-05-13 17:12:34 App is up to date.
2026-05-13 18:12:34 Checking for update using Github
2026-05-13 18:12:34 Success.
2026-05-13 18:12:34 Latest version is 1.12.7
2026-05-13 18:12:34 App is up to date.
2026-05-16 01:42:13 Checking for update using Github
2026-05-16 01:42:14 Success.
2026-05-16 01:42:14 Latest version is 1.12.7
2026-05-16 01:42:14 App is up to date.
2026-05-16 02:42:13 Checking for update using Github
2026-05-16 02:42:13 Success.
2026-05-16 02:42:13 Latest version is 1.12.7
2026-05-16 02:42:13 App is up to date.
2026-05-16 03:42:13 Checking for update using Github
2026-05-16 03:42:13 Success.
2026-05-16 03:42:13 Latest version is 1.12.7
2026-05-16 03:42:13 App is up to date.
2026-05-16 04:42:14 Checking for update using Github
2026-05-16 04:42:14 Success.
2026-05-16 04:42:14 Latest version is 1.12.7
2026-05-16 04:42:14 App is up to date.
2026-05-16 05:42:14 Checking for update using Github
2026-05-16 05:42:14 Success.
2026-05-16 05:42:14 Latest version is 1.12.7
2026-05-16 05:42:14 App is up to date.
2026-05-16 06:42:14 Checking for update using Github
2026-05-16 06:42:14 Success.
2026-05-16 06:42:14 Latest version is 1.12.7
2026-05-16 06:42:14 App is up to date.
2026-05-16 07:42:14 Checking for update using Github
2026-05-16 07:42:14 Success.
2026-05-16 07:42:14 Latest version is 1.12.7
2026-05-16 07:42:14 App is up to date.
2026-05-16 08:42:14 Checking for update using Github
2026-05-16 08:42:14 Success.
2026-05-16 08:42:14 Latest version is 1.12.7
2026-05-16 08:42:14 App is up to date.
2026-05-16 09:42:16 Checking for update using Github
2026-05-16 09:42:16 Success.
2026-05-16 09:42:16 Latest version is 1.12.7
2026-05-16 09:42:16 App is up to date.
2026-05-17 11:16:54 Loaded main app package /usr/lib/obsidian/obsidian.asar
2026-05-17 11:16:54 Checking for update using Github
2026-05-17 11:16:54 Success.
2026-05-17 11:16:54 Latest version is 1.12.7
2026-05-17 11:16:54 App is up to date.
2026-05-17 12:03:15 Loaded main app package /usr/lib/obsidian/obsidian.asar
2026-05-17 12:03:15 Checking for update using Github
2026-05-17 12:03:15 Success.
2026-05-17 12:03:15 Latest version is 1.12.7
2026-05-17 12:03:15 App is up to date.
2026-05-17 13:03:15 Checking for update using Github
2026-05-17 13:03:15 Success.
2026-05-17 13:03:15 Latest version is 1.12.7
2026-05-17 13:03:15 App is up to date.
2026-05-17 13:15:45 Loaded main app package /usr/lib/obsidian/obsidian.asar
2026-05-17 13:15:45 Checking for update using Github
2026-05-17 13:15:45 Success.
2026-05-17 13:15:45 Latest version is 1.12.7
2026-05-17 13:15:45 App is up to date.
2026-05-17 14:15:45 Checking for update using Github
2026-05-17 14:15:45 Success.
2026-05-17 14:15:45 Latest version is 1.12.7
2026-05-17 14:15:45 App is up to date.
2026-05-17 15:15:45 Checking for update using Github
2026-05-17 15:15:45 Success.
2026-05-17 15:15:45 Latest version is 1.12.7
2026-05-17 15:15:45 App is up to date.
2026-05-17 16:15:45 Checking for update using Github
2026-05-17 16:15:45 Success.
2026-05-17 16:15:45 Latest version is 1.12.7
2026-05-17 16:15:45 App is up to date.
2026-05-17 17:15:45 Checking for update using Github
2026-05-17 17:15:45 Success.
2026-05-17 17:15:45 Latest version is 1.12.7
2026-05-17 17:15:45 App is up to date.
2026-05-17 18:15:45 Checking for update using Github
2026-05-17 18:15:45 Success.
2026-05-17 18:15:45 Latest version is 1.12.7
2026-05-17 18:15:45 App is up to date.
2026-05-17 19:15:45 Checking for update using Github
2026-05-17 19:15:45 Success.
2026-05-17 19:15:45 Latest version is 1.12.7
2026-05-17 19:15:45 App is up to date.
2026-05-17 20:15:45 Checking for update using Github
2026-05-17 20:15:45 Success.
2026-05-17 20:15:45 Latest version is 1.12.7
2026-05-17 20:15:45 App is up to date.
2026-05-17 21:15:45 Checking for update using Github
2026-05-17 21:15:45 Success.
2026-05-17 21:15:45 Latest version is 1.12.7
2026-05-17 21:15:45 App is up to date.
2026-05-17 22:15:45 Checking for update using Github
2026-05-17 22:15:45 Success.
2026-05-17 22:15:45 Latest version is 1.12.7
2026-05-17 22:15:45 App is up to date.
2026-05-17 23:15:45 Checking for update using Github
2026-05-17 23:15:45 Success.
2026-05-17 23:15:45 Latest version is 1.12.7
2026-05-17 23:15:45 App is up to date.
2026-05-18 00:15:45 Checking for update using Github
2026-05-18 00:15:45 Success.
2026-05-18 00:15:45 Latest version is 1.12.7
2026-05-18 00:15:45 App is up to date.
2026-05-18 01:15:45 Checking for update using Github
2026-05-18 01:15:45 Success.
2026-05-18 01:15:45 Latest version is 1.12.7
2026-05-18 01:15:45 App is up to date.
2026-05-18 02:15:45 Checking for update using Github
2026-05-18 02:15:45 Success.
2026-05-18 02:15:45 Latest version is 1.12.7
2026-05-18 02:15:45 App is up to date.
2026-05-18 03:15:45 Checking for update using Github
2026-05-18 03:15:46 Success.
2026-05-18 03:15:46 Latest version is 1.12.7
2026-05-18 03:15:46 App is up to date.
2026-05-18 04:15:46 Checking for update using Github
2026-05-18 04:15:46 Success.
2026-05-18 04:15:46 Latest version is 1.12.7
2026-05-18 04:15:46 App is up to date.
2026-05-18 05:15:46 Checking for update using Github
2026-05-18 05:15:46 Success.
2026-05-18 05:15:46 Latest version is 1.12.7
2026-05-18 05:15:46 App is up to date.
2026-05-18 06:15:46 Checking for update using Github
2026-05-18 06:15:46 Success.
2026-05-18 06:15:46 Latest version is 1.12.7
2026-05-18 06:15:46 App is up to date.
2026-05-18 07:15:46 Checking for update using Github
2026-05-18 07:15:46 Success.
2026-05-18 07:15:46 Latest version is 1.12.7
2026-05-18 07:15:46 App is up to date.
2026-05-18 09:51:41 Checking for update using Github
2026-05-18 09:51:41 Success.
2026-05-18 09:51:41 Latest version is 1.12.7
2026-05-18 09:51:41 App is up to date.
2026-05-18 10:51:42 Checking for update using Github
2026-05-18 10:51:42 Success.
2026-05-18 10:51:42 Latest version is 1.12.7
2026-05-18 10:51:42 App is up to date.
2026-05-18 11:51:42 Checking for update using Github
2026-05-18 11:51:42 Success.
2026-05-18 11:51:42 Latest version is 1.12.7
2026-05-18 11:51:42 App is up to date.
2026-05-18 12:51:43 Checking for update using Github
2026-05-18 12:51:43 Success.
2026-05-18 12:51:43 Latest version is 1.12.7
2026-05-18 12:51:43 App is up to date.
2026-05-18 13:51:43 Checking for update using Github
2026-05-18 13:51:43 Success.
2026-05-18 13:51:43 Latest version is 1.12.7
2026-05-18 13:51:43 App is up to date.
2026-05-18 14:26:28 Loaded main app package /usr/lib/obsidian/obsidian.asar
2026-05-18 14:26:28 Checking for update using Github
2026-05-18 14:26:28 Success.
2026-05-18 14:26:28 Latest version is 1.12.7
2026-05-18 14:26:28 App is up to date.
2026-05-18 15:53:43 Checking for update using Github
2026-05-18 15:53:44 Success.
2026-05-18 15:53:44 Latest version is 1.12.7
2026-05-18 15:53:44 App is up to date.
2026-05-18 16:53:44 Checking for update using Github
2026-05-18 16:53:44 Success.
2026-05-18 16:53:44 Latest version is 1.12.7
2026-05-18 16:53:44 App is up to date.
2026-05-18 17:53:44 Checking for update using Github
2026-05-18 17:53:44 Success.
2026-05-18 17:53:44 Latest version is 1.12.7
2026-05-18 17:53:44 App is up to date.
2026-05-18 18:53:44 Checking for update using Github
2026-05-18 18:53:44 Success.
2026-05-18 18:53:44 Latest version is 1.12.7
2026-05-18 18:53:44 App is up to date.
2026-05-19 14:58:44 Loaded main app package /usr/lib/obsidian/obsidian.asar
2026-05-19 14:58:44 Checking for update using Github
2026-05-19 14:58:45 Success.
2026-05-19 14:58:45 Latest version is 1.12.7
2026-05-19 14:58:45 App is up to date.
2026-05-24 07:21:37 Loaded main app package /usr/lib/obsidian/obsidian.asar
2026-05-24 07:21:37 Checking for update using Github
2026-05-24 07:21:37 Success.
2026-05-24 07:21:37 Latest version is 1.12.7
2026-05-24 07:21:37 App is up to date.
2026-05-24 08:21:37 Checking for update using Github
2026-05-24 08:21:37 Success.
2026-05-24 08:21:37 Latest version is 1.12.7
2026-05-24 08:21:37 App is up to date.
2026-05-24 09:21:37 Checking for update using Github
2026-05-24 09:21:37 Success.
2026-05-24 09:21:37 Latest version is 1.12.7
2026-05-24 09:21:37 App is up to date.
2026-05-24 10:21:37 Checking for update using Github
2026-05-24 10:21:37 Success.
2026-05-24 10:21:37 Latest version is 1.12.7
2026-05-24 10:21:37 App is up to date.
2026-05-24 11:21:37 Checking for update using Github
2026-05-24 11:21:37 Success.
2026-05-24 11:21:37 Latest version is 1.12.7
2026-05-24 11:21:37 App is up to date.
2026-05-24 12:21:37 Checking for update using Github
2026-05-24 12:21:37 Success.
2026-05-24 12:21:37 Latest version is 1.12.7
2026-05-24 12:21:37 App is up to date.
2026-05-24 13:21:37 Checking for update using Github
2026-05-24 13:21:37 Success.
2026-05-24 13:21:37 Latest version is 1.12.7
2026-05-24 13:21:37 App is up to date.
2026-05-24 14:21:37 Checking for update using Github
2026-05-24 14:21:37 Success.
2026-05-24 14:21:37 Latest version is 1.12.7
2026-05-24 14:21:37 App is up to date.
2026-05-24 15:21:37 Checking for update using Github
2026-05-24 15:21:37 Success.
2026-05-24 15:21:37 Latest version is 1.12.7
2026-05-24 15:21:37 App is up to date.
2026-05-24 16:21:37 Checking for update using Github
2026-05-24 16:21:37 Success.
2026-05-24 16:21:37 Latest version is 1.12.7
2026-05-24 16:21:37 App is up to date.
2026-05-24 17:21:37 Checking for update using Github
2026-05-24 17:21:38 Success.
2026-05-24 17:21:38 Latest version is 1.12.7
2026-05-24 17:21:38 App is up to date.
2026-05-24 18:21:38 Checking for update using Github
2026-05-24 18:21:38 Success.
2026-05-24 18:21:38 Latest version is 1.12.7
2026-05-24 18:21:38 App is up to date.
2026-05-24 19:21:38 Checking for update using Github
2026-05-24 19:21:38 Success.
2026-05-24 19:21:38 Latest version is 1.12.7
2026-05-24 19:21:38 App is up to date.
2026-05-24 20:21:38 Checking for update using Github
2026-05-24 20:21:38 Success.
2026-05-24 20:21:38 Latest version is 1.12.7
2026-05-24 20:21:38 App is up to date.
2026-05-24 21:21:38 Checking for update using Github
2026-05-24 21:21:38 Success.
2026-05-24 21:21:38 Latest version is 1.12.7
2026-05-24 21:21:38 App is up to date.
2026-05-24 22:21:38 Checking for update using Github
2026-05-24 22:21:38 Success.
2026-05-24 22:21:38 Latest version is 1.12.7
2026-05-24 22:21:38 App is up to date.
2026-05-25 08:14:46 Loaded main app package /usr/lib/obsidian/obsidian.asar
2026-05-25 08:14:46 Checking for update using Github
2026-05-25 08:14:46 Success.
2026-05-25 08:14:46 Latest version is 1.12.7
2026-05-25 08:14:46 App is up to date.
2026-05-25 08:14:47 Loaded main app package /usr/lib/obsidian/obsidian.asar
2026-05-25 09:14:46 Checking for update using Github
2026-05-25 09:14:46 Success.
2026-05-25 09:14:46 Latest version is 1.12.7
2026-05-25 09:14:46 App is up to date.
2026-05-27 08:39:48 Loaded main app package /usr/lib/obsidian/obsidian.asar
2026-05-27 08:39:48 Checking for update using Github
2026-05-27 08:39:48 Success.
2026-05-27 08:39:48 Latest version is 1.12.7
2026-05-27 08:39:48 App is up to date.
2026-05-27 09:00:10 Loaded main app package /usr/lib/obsidian/obsidian.asar
2026-05-27 09:00:10 Checking for update using Github
2026-05-27 09:00:10 Success.
2026-05-27 09:00:10 Latest version is 1.12.7
2026-05-27 09:00:10 App is up to date.
2026-05-27 10:00:10 Checking for update using Github
2026-05-27 10:00:10 Success.
2026-05-27 10:00:10 Latest version is 1.12.7
2026-05-27 10:00:10 App is up to date.
2026-05-27 11:00:10 Checking for update using Github
2026-05-27 11:00:10 Success.
2026-05-27 11:00:10 Latest version is 1.12.7
2026-05-27 11:00:10 App is up to date.
2026-05-27 12:00:10 Checking for update using Github
2026-05-27 12:00:10 Success.
2026-05-27 12:00:10 Latest version is 1.12.7
2026-05-27 12:00:10 App is up to date.
2026-05-27 13:42:40 Checking for update using Github
2026-05-27 13:42:40 Success.
2026-05-27 13:42:40 Latest version is 1.12.7
2026-05-27 13:42:40 App is up to date.
2026-05-27 15:06:11 Checking for update using Github
2026-05-27 15:06:11 Success.
2026-05-27 15:06:11 Latest version is 1.12.7
2026-05-27 15:06:11 App is up to date.
2026-05-27 16:06:11 Checking for update using Github
2026-05-27 16:06:11 Success.
2026-05-27 16:06:11 Latest version is 1.12.7
2026-05-27 16:06:11 App is up to date.
2026-05-27 17:06:11 Checking for update using Github
2026-05-27 17:06:11 Success.
2026-05-27 17:06:11 Latest version is 1.12.7
2026-05-27 17:06:11 App is up to date.
2026-05-27 18:06:11 Checking for update using Github
2026-05-27 18:06:11 Success.
2026-05-27 18:06:11 Latest version is 1.12.7
2026-05-27 18:06:11 App is up to date.
2026-05-27 19:06:11 Checking for update using Github
2026-05-27 19:06:11 Success.
2026-05-27 19:06:11 Latest version is 1.12.7
2026-05-27 19:06:11 App is up to date.
2026-05-28 13:12:12 Loaded main app package /usr/lib/obsidian/obsidian.asar
2026-05-28 13:12:12 Checking for update using Github
2026-05-28 13:12:13 Success.
2026-05-28 13:12:13 Latest version is 1.12.7
2026-05-28 13:12:13 App is up to date.
2026-05-28 14:12:12 Checking for update using Github
2026-05-28 14:12:12 Success.
2026-05-28 14:12:12 Latest version is 1.12.7
2026-05-28 14:12:12 App is up to date.
2026-05-28 15:12:13 Checking for update using Github
2026-05-28 15:12:13 Success.
2026-05-28 15:12:13 Latest version is 1.12.7
2026-05-28 15:12:13 App is up to date.
2026-05-28 18:58:01 Checking for update using Github
2026-05-28 18:58:01 Success.
2026-05-28 18:58:01 Latest version is 1.12.7
2026-05-28 18:58:01 App is up to date.
2026-06-08 17:36:22 Loaded main app package /usr/lib/obsidian/obsidian.asar
2026-06-08 17:36:22 Checking for update using Github
2026-06-08 17:36:22 Success.
2026-06-08 17:36:22 Latest version is 1.12.7
2026-06-08 17:36:22 App is up to date.
2026-06-08 18:36:22 Checking for update using Github
2026-06-08 18:36:22 Success.
2026-06-08 18:36:22 Latest version is 1.12.7
2026-06-08 18:36:22 App is up to date.
2026-06-08 19:36:22 Checking for update using Github
2026-06-08 19:36:22 Success.
2026-06-08 19:36:22 Latest version is 1.12.7
2026-06-08 19:36:22 App is up to date.
2026-06-08 20:36:22 Checking for update using Github
2026-06-08 20:36:22 Success.
2026-06-08 20:36:22 Latest version is 1.12.7
2026-06-08 20:36:22 App is up to date.
2026-06-08 21:36:22 Checking for update using Github
2026-06-08 21:36:22 Success.
2026-06-08 21:36:22 Latest version is 1.12.7
2026-06-08 21:36:22 App is up to date.
2026-06-10 14:48:21 Loaded main app package /usr/lib/obsidian/obsidian.asar
2026-06-10 14:48:22 Checking for update using Github
2026-06-10 14:48:22 Success.
2026-06-10 14:48:22 Latest version is 1.12.7
2026-06-10 14:48:22 App is up to date.
2026-06-10 18:16:23 Loaded main app package /usr/lib/obsidian/obsidian.asar
2026-06-10 18:16:23 Checking for update using Github
2026-06-10 18:16:23 Success.
2026-06-10 18:16:23 Latest version is 1.12.7
2026-06-10 18:16:23 App is up to date.
2026-06-10 19:16:23 Checking for update using Github
2026-06-10 19:16:23 Success.
2026-06-10 19:16:23 Latest version is 1.12.7
2026-06-10 19:16:23 App is up to date.
2026-06-10 20:16:23 Checking for update using Github
2026-06-10 20:16:23 Success.
2026-06-10 20:16:23 Latest version is 1.12.7
2026-06-10 20:16:23 App is up to date.
2026-06-10 21:16:23 Checking for update using Github
2026-06-10 21:16:23 Success.
2026-06-10 21:16:23 Latest version is 1.12.7
2026-06-10 21:16:23 App is up to date.
2026-06-10 22:16:23 Checking for update using Github
2026-06-10 22:16:23 Success.
2026-06-10 22:16:23 Latest version is 1.12.7
2026-06-10 22:16:23 App is up to date.
2026-06-11 16:13:14 Loaded main app package /usr/lib/obsidian/obsidian.asar
2026-06-11 16:13:14 Checking for update using Github
2026-06-11 16:13:14 Success.
2026-06-11 16:13:14 Latest version is 1.12.7
2026-06-11 16:13:14 App is up to date.
2026-06-11 17:13:15 Checking for update using Github
2026-06-11 17:13:15 Success.
2026-06-11 17:13:15 Latest version is 1.12.7
2026-06-11 17:13:15 App is up to date.
2026-06-11 18:13:15 Checking for update using Github
2026-06-11 18:13:16 Success.
2026-06-11 18:13:16 Latest version is 1.12.7
2026-06-11 18:13:16 App is up to date.
2026-06-11 19:13:16 Checking for update using Github
2026-06-11 19:13:16 Success.
2026-06-11 19:13:16 Latest version is 1.12.7
2026-06-11 19:13:16 App is up to date.
2026-06-11 20:13:16 Checking for update using Github
2026-06-11 20:13:16 Success.
2026-06-11 20:13:16 Latest version is 1.12.7
2026-06-11 20:13:16 App is up to date.
2026-06-14 09:10:58 Loaded main app package /usr/lib/obsidian/obsidian.asar
2026-06-14 09:10:58 Checking for update using Github
2026-06-14 09:10:58 Success.
2026-06-14 09:10:58 Latest version is 1.12.7
2026-06-14 09:10:58 App is up to date.
2026-06-14 10:10:58 Checking for update using Github
2026-06-14 10:10:58 Success.
2026-06-14 10:10:58 Latest version is 1.12.7
2026-06-14 10:10:58 App is up to date.
2026-06-14 11:10:58 Checking for update using Github
2026-06-14 11:10:58 Success.
2026-06-14 11:10:58 Latest version is 1.12.7
2026-06-14 11:10:58 App is up to date.
2026-06-14 12:10:58 Checking for update using Github
2026-06-14 12:10:58 Success.
2026-06-14 12:10:58 Latest version is 1.12.7
2026-06-14 12:10:58 App is up to date.
2026-06-14 13:10:58 Checking for update using Github
2026-06-14 13:10:58 Success.
2026-06-14 13:10:58 Latest version is 1.12.7
2026-06-14 13:10:58 App is up to date.
2026-06-14 14:10:58 Checking for update using Github
2026-06-14 14:10:58 Success.
2026-06-14 14:10:58 Latest version is 1.12.7
2026-06-14 14:10:58 App is up to date.
2026-06-14 15:10:58 Checking for update using Github
2026-06-14 15:10:58 Success.
2026-06-14 15:10:58 Latest version is 1.12.7
2026-06-14 15:10:58 App is up to date.
2026-06-14 16:10:58 Checking for update using Github
2026-06-14 16:10:59 Success.
2026-06-14 16:10:59 Latest version is 1.12.7
2026-06-14 16:10:59 App is up to date.
2026-06-14 17:10:59 Checking for update using Github
2026-06-14 17:10:59 Success.
2026-06-14 17:10:59 Latest version is 1.12.7
2026-06-14 17:10:59 App is up to date.
2026-06-14 18:10:59 Checking for update using Github
2026-06-14 18:10:59 Success.
2026-06-14 18:10:59 Latest version is 1.12.7
2026-06-14 18:10:59 App is up to date.
2026-06-14 19:10:59 Checking for update using Github
2026-06-14 19:10:59 Success.
2026-06-14 19:10:59 Latest version is 1.12.7
2026-06-14 19:10:59 App is up to date.
2026-06-14 20:10:59 Checking for update using Github
2026-06-14 20:10:59 Success.
2026-06-14 20:10:59 Latest version is 1.12.7
2026-06-14 20:10:59 App is up to date.
2026-06-14 21:10:59 Checking for update using Github
2026-06-14 21:10:59 Success.
2026-06-14 21:10:59 Latest version is 1.12.7
2026-06-14 21:10:59 App is up to date.
2026-06-30 14:24:55 Loaded main app package /usr/lib/obsidian/obsidian.asar
2026-06-30 14:24:55 Checking for update using Github
2026-06-30 14:24:56 Success.
2026-06-30 14:24:56 Latest version is 1.12.7
2026-06-30 14:24:56 App is up to date.
2026-06-30 16:58:14 Checking for update using Github
2026-06-30 16:58:14 Success.
2026-06-30 16:58:14 Latest version is 1.12.7
2026-06-30 16:58:14 App is up to date.
2026-06-30 17:58:14 Checking for update using Github
2026-06-30 17:58:14 Success.
2026-06-30 17:58:14 Latest version is 1.12.7
2026-06-30 17:58:14 App is up to date.
2026-06-30 18:58:14 Checking for update using Github
2026-06-30 18:58:14 Success.
2026-06-30 18:58:14 Latest version is 1.12.7
2026-06-30 18:58:14 App is up to date.
2026-06-30 19:58:14 Checking for update using Github
2026-06-30 19:58:14 Success.
2026-06-30 19:58:14 Latest version is 1.12.7
2026-06-30 19:58:14 App is up to date.
2026-06-30 20:58:14 Checking for update using Github
2026-06-30 20:58:14 Success.
2026-06-30 20:58:14 Latest version is 1.12.7
2026-06-30 20:58:14 App is up to date.
2026-06-30 21:58:14 Checking for update using Github
2026-06-30 21:58:14 Success.
2026-06-30 21:58:14 Latest version is 1.12.7
2026-06-30 21:58:14 App is up to date.
2026-07-01 06:15:24 Loaded main app package /usr/lib/obsidian/obsidian.asar
2026-07-01 06:15:24 Checking for update using Github
2026-07-01 06:15:25 Success.
2026-07-01 06:15:25 Latest version is 1.12.7
2026-07-01 06:15:25 App is up to date.
2026-07-01 14:08:24 Loaded main app package /usr/lib/obsidian/obsidian.asar
2026-07-01 14:08:24 Checking for update using Github
2026-07-01 14:08:24 Success.
2026-07-01 14:08:24 Latest version is 1.12.7
2026-07-01 14:08:24 App is up to date.
2026-07-01 15:08:25 Checking for update using Github
2026-07-01 15:08:25 Success.
2026-07-01 15:08:25 Latest version is 1.12.7
2026-07-01 15:08:25 App is up to date.
2026-07-01 16:08:25 Checking for update using Github
2026-07-01 16:08:25 Success.
2026-07-01 16:08:25 Latest version is 1.12.7
2026-07-01 16:08:25 App is up to date.
2026-07-01 17:08:25 Checking for update using Github
2026-07-01 17:08:25 Success.
2026-07-01 17:08:25 Latest version is 1.12.7
2026-07-01 17:08:25 App is up to date.
2026-07-01 18:08:25 Checking for update using Github
2026-07-01 18:08:25 Success.
2026-07-01 18:08:25 Latest version is 1.12.7
2026-07-01 18:08:25 App is up to date.
2026-07-02 07:22:34 Loaded main app package /usr/lib/obsidian/obsidian.asar
2026-07-02 07:22:34 Checking for update using Github
2026-07-02 07:22:34 Success.
2026-07-02 07:22:34 Latest version is 1.12.7
2026-07-02 07:22:34 App is up to date.
2026-07-02 08:44:24 Checking for update using Github
2026-07-02 08:44:24 Success.
2026-07-02 08:44:24 Latest version is 1.12.7
2026-07-02 08:44:24 App is up to date.
2026-07-02 10:22:57 Checking for update using Github
2026-07-02 10:22:57 Success.
2026-07-02 10:22:57 Latest version is 1.12.7
2026-07-02 10:22:57 App is up to date.
2026-07-03 14:19:45 Loaded main app package /usr/lib/obsidian/obsidian.asar
2026-07-03 14:19:45 Checking for update using Github
2026-07-03 14:19:45 Success.
2026-07-03 14:19:45 Latest version is 1.12.7
2026-07-03 14:19:45 App is up to date.
2026-07-03 14:36:57 Loaded main app package /usr/lib/obsidian/obsidian.asar
2026-07-03 14:36:57 Checking for update using Github
2026-07-03 14:36:58 Success.
2026-07-03 14:36:58 Latest version is 1.12.7
2026-07-03 14:36:58 App is up to date.
2026-07-05 07:28:38 Loaded main app package /usr/lib/obsidian/obsidian.asar
2026-07-05 07:28:38 Checking for update using Github
2026-07-05 07:28:39 Success.
2026-07-05 07:28:39 Latest version is 1.12.7
2026-07-05 07:28:39 App is up to date.
2026-07-05 08:27:52 Loaded main app package /usr/lib/obsidian/obsidian.asar
2026-07-05 08:27:53 Checking for update using Github
2026-07-05 08:27:53 Success.
2026-07-05 08:27:53 Latest version is 1.12.7
2026-07-05 08:27:53 App is up to date.
2026-07-05 09:09:01 Loaded main app package /usr/lib/obsidian/obsidian.asar
2026-07-05 09:09:02 Checking for update using Github
2026-07-05 09:09:02 Success.
2026-07-05 09:09:02 Latest version is 1.12.7
2026-07-05 09:09:02 App is up to date.
2026-07-05 10:13:44 Checking for update using Github
2026-07-05 10:13:44 Success.
2026-07-05 10:13:44 Latest version is 1.12.7
2026-07-05 10:13:44 App is up to date.
2026-07-05 11:13:45 Checking for update using Github
2026-07-05 11:13:45 Success.
2026-07-05 11:13:45 Latest version is 1.12.7
2026-07-05 11:13:45 App is up to date.
2026-07-05 12:13:45 Checking for update using Github
2026-07-05 12:13:45 Success.
2026-07-05 12:13:45 Latest version is 1.12.7
2026-07-05 12:13:45 App is up to date.
2026-07-05 13:13:45 Checking for update using Github
2026-07-05 13:13:45 Success.
2026-07-05 13:13:45 Latest version is 1.12.7
2026-07-05 13:13:45 App is up to date.
2026-07-05 14:13:45 Checking for update using Github
2026-07-05 14:14:53 Failed to check for update using Github (net::ERR_NAME_NOT_RESOLVED)
2026-07-05 14:14:53 Checking for update using obsidian.md
2026-07-05 14:14:55 Failed to check for update using obsidian.md (net::ERR_INTERNET_DISCONNECTED)
2026-07-05 15:13:45 Checking for update using Github
2026-07-05 15:13:45 Success.
2026-07-05 15:13:45 Latest version is 1.12.7
2026-07-05 15:13:45 App is up to date.
2026-07-05 16:13:45 Checking for update using Github
2026-07-05 16:13:45 Success.
2026-07-05 16:13:45 Latest version is 1.12.7
2026-07-05 16:13:45 App is up to date.
2026-07-05 17:13:46 Checking for update using Github
2026-07-05 17:13:46 Success.
2026-07-05 17:13:46 Latest version is 1.12.7
2026-07-05 17:13:46 App is up to date.
2026-07-05 18:13:46 Checking for update using Github
2026-07-05 18:13:46 Success.
2026-07-05 18:13:46 Latest version is 1.12.7
2026-07-05 18:13:46 App is up to date.
2026-07-05 19:13:46 Checking for update using Github
2026-07-05 19:13:46 Success.
2026-07-05 19:13:46 Latest version is 1.12.7
2026-07-05 19:13:46 App is up to date.
2026-07-18 07:53:40 Loaded main app package /usr/lib/obsidian/obsidian.asar
2026-07-18 07:53:40 Checking for update using Github
2026-07-18 07:53:40 Success.
2026-07-18 07:53:40 Latest version is 1.12.7
2026-07-18 07:53:40 App is up to date.
2026-07-18 08:53:40 Checking for update using Github
2026-07-18 08:53:40 Success.
2026-07-18 08:53:40 Latest version is 1.12.7
2026-07-18 08:53:40 App is up to date.
2026-07-18 09:53:40 Checking for update using Github
2026-07-18 09:53:40 Success.
2026-07-18 09:53:40 Latest version is 1.12.7
2026-07-18 09:53:40 App is up to date.
2026-07-18 10:53:40 Checking for update using Github
2026-07-18 10:53:40 Success.
2026-07-18 10:53:40 Latest version is 1.12.7
2026-07-18 10:53:40 App is up to date.
2026-07-18 11:53:40 Checking for update using Github
2026-07-18 11:53:40 Success.
2026-07-18 11:53:40 Latest version is 1.12.7
2026-07-18 11:53:40 App is up to date.
2026-07-18 12:53:40 Checking for update using Github
2026-07-18 12:53:40 Success.
2026-07-18 12:53:40 Latest version is 1.12.7
2026-07-18 12:53:40 App is up to date.
2026-07-18 15:59:51 Loaded main app package /usr/lib/obsidian/obsidian.asar
2026-07-18 15:59:51 Checking for update using Github
2026-07-18 15:59:52 Success.
2026-07-18 15:59:52 Latest version is 1.12.7
2026-07-18 15:59:52 App is up to date.
2026-07-18 16:59:51 Checking for update using Github
2026-07-18 16:59:51 Success.
2026-07-18 16:59:51 Latest version is 1.12.7
2026-07-18 16:59:51 App is up to date.
2026-07-18 17:59:52 Checking for update using Github
2026-07-18 17:59:52 Success.
2026-07-18 17:59:52 Latest version is 1.12.7
2026-07-18 17:59:52 App is up to date.
2026-07-18 18:59:52 Checking for update using Github
2026-07-18 18:59:52 Success.
2026-07-18 18:59:52 Latest version is 1.12.7
2026-07-18 18:59:52 App is up to date.
2026-07-19 20:57:44 Loaded main app package /usr/lib/obsidian/obsidian.asar
2026-07-19 20:57:44 Checking for update using Github
2026-07-19 20:57:44 Success.
2026-07-19 20:57:44 Latest version is 1.12.7
2026-07-19 20:57:44 App is up to date.
2026-07-23 19:41:58 Loaded main app package /usr/lib/obsidian/obsidian.asar
2026-07-23 19:41:58 Checking for update using Github
2026-07-23 19:41:58 Success.
2026-07-23 19:41:58 Latest version is 1.12.7
2026-07-23 19:41:58 App is up to date.
2026-07-24 08:23:05 Checking for update using Github
2026-07-24 08:23:05 Success.
2026-07-24 08:23:05 Latest version is 1.12.7
2026-07-24 08:23:05 App is up to date.
2026-07-24 09:57:48 Checking for update using Github
2026-07-24 09:57:48 Success.
2026-07-24 09:57:48 Latest version is 1.12.7
2026-07-24 09:57:48 App is up to date.
2026-07-24 20:06:14 Loaded main app package /usr/lib/obsidian/obsidian.asar
2026-07-24 20:06:14 Checking for update using Github
2026-07-24 20:06:14 Success.
2026-07-24 20:06:14 Latest version is 1.12.7
2026-07-24 20:06:14 App is up to date.
2026-07-25 10:55:17 Loaded main app package /usr/lib/obsidian/obsidian.asar
2026-07-25 10:55:18 Checking for update using Github
2026-07-25 10:55:18 Success.
2026-07-25 10:55:18 Latest version is 1.12.7
2026-07-25 10:55:18 App is up to date.
2026-07-25 12:18:09 Checking for update using Github
2026-07-25 12:18:09 Success.
2026-07-25 12:18:09 Latest version is 1.12.7
2026-07-25 12:18:09 App is up to date.
2026-07-27 16:40:25 Loaded main app package /usr/lib/obsidian/obsidian.asar
2026-07-27 16:40:25 Checking for update using Github
2026-07-27 16:40:25 Success.
2026-07-27 16:40:25 Latest version is 1.12.7
2026-07-27 16:40:25 App is up to date.
2026-07-27 16:55:14 Loaded main app package /usr/lib/obsidian/obsidian.asar
2026-07-27 16:55:14 Checking for update using Github
2026-07-27 16:55:14 Success.
2026-07-27 16:55:14 Latest version is 1.12.7
2026-07-27 16:55:14 App is up to date.
2026-07-27 17:55:14 Checking for update using Github
2026-07-27 17:55:14 Success.
2026-07-27 17:55:14 Latest version is 1.12.7
2026-07-27 17:55:14 App is up to date.
2026-07-27 19:59:59 Checking for update using Github
2026-07-27 19:59:59 Success.
2026-07-27 19:59:59 Latest version is 1.12.7
2026-07-27 19:59:59 App is up to date.
2026-07-29 09:05:01 Loaded main app package /usr/lib/obsidian/obsidian.asar
2026-07-29 09:05:01 Checking for update using Github
2026-07-29 09:05:01 Success.
2026-07-29 09:05:01 Latest version is 1.12.7
2026-07-29 09:05:01 App is up to date.
2026-07-29 10:05:01 Checking for update using Github
2026-07-29 10:05:01 Success.
2026-07-29 10:05:01 Latest version is 1.12.7
2026-07-29 10:05:01 App is up to date.
2026-07-29 10:13:33 Loaded main app package /usr/lib/obsidian/obsidian.asar
2026-07-29 11:05:01 Checking for update using Github
2026-07-29 11:05:01 Success.
2026-07-29 11:05:01 Latest version is 1.12.7
2026-07-29 11:05:01 App is up to date.
2026-07-29 12:05:01 Checking for update using Github
2026-07-29 12:05:01 Success.
2026-07-29 12:05:01 Latest version is 1.12.7
2026-07-29 12:05:01 App is up to date.
2026-07-29 13:05:01 Checking for update using Github
2026-07-29 13:05:01 Success.
2026-07-29 13:05:01 Latest version is 1.12.7
2026-07-29 13:05:01 App is up to date.
2026-07-29 14:05:01 Checking for update using Github
2026-07-29 14:05:01 Success.
2026-07-29 14:05:01 Latest version is 1.12.7
2026-07-29 14:05:01 App is up to date.
2026-07-29 15:05:01 Checking for update using Github
2026-07-29 15:05:01 Success.
2026-07-29 15:05:01 Latest version is 1.12.7
2026-07-29 15:05:01 App is up to date.
2026-07-29 16:05:01 Checking for update using Github
2026-07-29 16:05:01 Success.
2026-07-29 16:05:01 Latest version is 1.12.7
2026-07-29 16:05:01 App is up to date.
2026-07-29 17:05:01 Checking for update using Github
2026-07-29 17:05:01 Success.
2026-07-29 17:05:01 Latest version is 1.12.7
2026-07-29 17:05:01 App is up to date.
2026-07-29 18:05:01 Checking for update using Github
2026-07-29 18:05:02 Success.
2026-07-29 18:05:02 Latest version is 1.12.7
2026-07-29 18:05:02 App is up to date.
2026-07-29 19:05:02 Checking for update using Github
2026-07-29 19:05:02 Success.
2026-07-29 19:05:02 Latest version is 1.12.7
2026-07-29 19:05:02 App is up to date.
2026-07-29 20:05:02 Checking for update using Github
2026-07-29 20:05:04 Success.
2026-07-29 20:05:04 Latest version is 1.12.7
2026-07-29 20:05:04 App is up to date.
2026-07-29 21:05:02 Checking for update using Github
2026-07-29 21:05:02 Success.
2026-07-29 21:05:02 Latest version is 1.12.7
2026-07-29 21:05:02 App is up to date.
2026-08-07 05:14:36 Loaded main app package /usr/lib/obsidian/obsidian.asar
2026-08-07 05:14:36 Checking for update using Github
2026-08-07 05:14:36 Success.
2026-08-07 05:14:36 Latest version is 1.13.4
2026-08-07 05:14:36 Downloading update from https://github.com/obsidianmd/obsidian-releases/releases/download/v1.13.4/obsidian-1.13.4.asar.gz
2026-08-07 05:14:37 Verifying hash & signature. Size= 8772423
2026-08-07 05:14:37 Saving file
2026-08-07 05:14:37 Update complete.
2026-08-10 07:20:46 Loaded updated app package /home/hugin/.config/obsidian/obsidian-1.13.4.asar
2026-08-10 07:20:46 Checking for update using Github
2026-08-10 07:20:46 Success.
2026-08-10 07:20:46 Latest version is 1.13.4
2026-08-10 07:20:46 App is up to date.
2026-08-10 08:25:29 Checking for update using Github
2026-08-10 08:25:29 Success.
2026-08-10 08:25:29 Latest version is 1.13.4
2026-08-10 08:25:29 App is up to date.
2026-08-10 09:25:29 Checking for update using Github
2026-08-10 09:25:29 Success.
2026-08-10 09:25:29 Latest version is 1.13.4
2026-08-10 09:25:29 App is up to date.
2026-08-10 10:25:29 Checking for update using Github
2026-08-10 10:25:29 Success.
2026-08-10 10:25:29 Latest version is 1.13.4
2026-08-10 10:25:29 App is up to date.
2026-08-10 11:25:29 Checking for update using Github
2026-08-10 11:25:29 Success.
2026-08-10 11:25:29 Latest version is 1.13.4
2026-08-10 11:25:29 App is up to date.
2026-08-10 12:25:29 Checking for update using Github
2026-08-10 12:25:29 Success.
2026-08-10 12:25:29 Latest version is 1.13.4
2026-08-10 12:25:29 App is up to date.
2026-08-10 13:25:29 Checking for update using Github
2026-08-10 13:25:29 Success.
2026-08-10 13:25:29 Latest version is 1.13.4
2026-08-10 13:25:29 App is up to date.
2026-08-10 14:25:29 Checking for update using Github
2026-08-10 14:25:29 Success.
2026-08-10 14:25:29 Latest version is 1.13.4
2026-08-10 14:25:29 App is up to date.
2026-08-12 20:04:25 Loaded main app package /usr/lib/obsidian/obsidian.asar
2026-08-12 20:04:25 Checking for update using Github
2026-08-12 20:04:26 Success.
2026-08-12 20:04:26 Latest version is 1.13.7
2026-08-12 20:04:26 Downloading update from https://github.com/obsidianmd/obsidian-releases/releases/download/v1.13.7/obsidian-1.13.7.asar.gz
2026-08-12 20:04:26 Failed to perform update
2026-08-20 10:18:41 Loaded main app package /usr/lib/obsidian/obsidian.asar
2026-08-20 10:18:41 Checking for update using Github
2026-08-20 10:18:41 Success.
2026-08-20 10:18:41 Latest version is 1.13.7
2026-08-20 10:18:41 App is up to date.
2026-08-20 11:18:41 Checking for update using Github
2026-08-20 11:18:41 Success.
2026-08-20 11:18:41 Latest version is 1.13.7
2026-08-20 11:18:41 App is up to date.
2026-08-20 13:56:07 Checking for update using Github
2026-08-30 09:58:21 Loaded main app package /usr/lib/obsidian/obsidian.asar
2026-08-30 09:58:21 Checking for update using Github
2026-08-30 09:58:21 Success.
2026-08-30 09:58:21 Latest version is 1.13.7
2026-08-30 09:58:21 App is up to date.
2026-08-30 10:58:21 Checking for update using Github
2026-08-30 10:58:21 Success.
2026-08-30 10:58:21 Latest version is 1.13.7
2026-08-30 10:58:21 App is up to date.
2026-08-30 11:58:21 Checking for update using Github
2026-08-30 11:58:21 Success.
2026-08-30 11:58:21 Latest version is 1.13.7
2026-08-30 11:58:21 App is up to date.
2026-08-30 12:58:21 Checking for update using Github
2026-08-30 12:58:21 Success.
2026-08-30 12:58:21 Latest version is 1.13.7
2026-08-30 12:58:21 App is up to date.
2026-08-30 13:58:21 Checking for update using Github
2026-08-30 13:58:21 Success.
2026-08-30 13:58:21 Latest version is 1.13.7
2026-08-30 13:58:21 App is up to date.
2026-08-30 14:58:21 Checking for update using Github
2026-08-30 14:58:21 Success.
2026-08-30 14:58:21 Latest version is 1.13.7
2026-08-30 14:58:21 App is up to date.
2026-08-30 15:58:21 Checking for update using Github
2026-08-30 15:58:21 Success.
2026-08-30 15:58:21 Latest version is 1.13.7
2026-08-30 15:58:21 App is up to date.
2026-08-30 16:58:21 Checking for update using Github
2026-08-30 16:58:21 Success.
2026-08-30 16:58:21 Latest version is 1.13.7
2026-08-30 16:58:21 App is up to date.
2026-08-30 17:58:21 Checking for update using Github
2026-08-30 17:58:22 Success.
2026-08-30 17:58:22 Latest version is 1.13.7
2026-08-30 17:58:22 App is up to date.
2026-09-01 14:25:53 Loaded main app package /usr/lib/obsidian/obsidian.asar
2026-09-01 14:25:53 Checking for update using Github
2026-09-01 14:25:53 Success.
2026-09-01 14:25:53 Latest version is 1.13.7
2026-09-01 14:25:53 App is up to date.
2026-09-01 15:25:55 Checking for update using Github
2026-09-01 15:25:55 Success.
2026-09-01 15:25:55 Latest version is 1.13.7
2026-09-01 15:25:55 App is up to date.
2026-09-01 17:08:01 Checking for update using Github
2026-09-01 17:08:01 Success.
2026-09-01 17:08:01 Latest version is 1.13.7
2026-09-01 17:08:01 App is up to date.
2026-09-01 18:18:22 Checking for update using Github
2026-09-01 18:18:22 Success.
2026-09-01 18:18:22 Latest version is 1.13.7
2026-09-01 18:18:22 App is up to date.
2026-09-02 15:53:11 Loaded main app package /usr/lib/obsidian/obsidian.asar
2026-09-02 15:53:11 Checking for update using Github
2026-09-02 15:53:11 Success.
2026-09-02 15:53:11 Latest version is 1.13.7
2026-09-02 15:53:11 App is up to date.
2026-09-02 16:53:11 Checking for update using Github
2026-09-02 16:53:11 Success.
2026-09-02 16:53:11 Latest version is 1.13.7
2026-09-02 16:53:11 App is up to date.
2026-09-02 17:53:11 Checking for update using Github
2026-09-02 17:53:11 Success.
2026-09-02 17:53:11 Latest version is 1.13.7
2026-09-02 17:53:11 App is up to date.
2026-09-02 18:53:11 Checking for update using Github
2026-09-02 18:53:11 Success.
2026-09-02 18:53:11 Latest version is 1.13.7
2026-09-02 18:53:11 App is up to date.
2026-09-03 07:09:08 Loaded main app package /usr/lib/obsidian/obsidian.asar
2026-09-03 07:09:08 Checking for update using Github
2026-09-03 07:09:08 Success.
2026-09-03 07:09:08 Latest version is 1.13.7
2026-09-03 07:09:08 App is up to date.
2026-09-03 07:30:12 Loaded main app package /usr/lib/obsidian/obsidian.asar
2026-09-03 07:30:13 Checking for update using Github
2026-09-03 07:30:13 Success.
2026-09-03 07:30:13 Latest version is 1.13.7
2026-09-03 07:30:13 App is up to date.
2026-09-04 07:38:57 Checking for update using Github
2026-09-04 07:38:57 Failed to check for update using Github (net::ERR_NAME_NOT_RESOLVED)
2026-09-04 07:38:57 Checking for update using obsidian.md
2026-09-04 07:38:57 Failed to check for update using obsidian.md (net::ERR_NAME_NOT_RESOLVED)
2026-09-04 08:38:59 Checking for update using Github
2026-09-04 08:38:59 Success.
2026-09-04 08:38:59 Latest version is 1.13.7
2026-09-04 08:38:59 App is up to date.
2026-09-04 09:51:32 Checking for update using Github
2026-09-04 09:51:32 Success.
2026-09-04 09:51:32 Latest version is 1.13.7
2026-09-04 09:51:32 App is up to date.
